\BOOKMARK [1][-]{section.1}{\376\377\000C\000e\000l\000\040\000i\000\040\000z\000a\000k\000r\000e\000s\000\040\000a\000p\000l\000i\000k\000a\000c\000j\000i}{}% 1
\BOOKMARK [1][-]{section.2}{\376\377\000N\000a\000j\000w\000a\001\174\000n\000i\000e\000j\000s\000z\000e\000\040\000f\000u\000n\000k\000c\000j\000e\000\040\000s\000y\000s\000t\000e\000m\000u}{}% 2
\BOOKMARK [1][-]{section.3}{\376\377\000A\000r\000c\000h\000i\000t\000e\000k\000t\000u\000r\000a}{}% 3
\BOOKMARK [2][-]{subsection.3.1}{\376\377\000W\000a\000r\000s\000t\000w\000y\000\040\000b\000a\000c\000k\000e\000n\000d\000u}{section.3}% 4
\BOOKMARK [1][-]{section.4}{\376\377\000P\000r\000z\000y\000p\000a\000d\000k\000i\000\040\000u\001\174\000y\000c\000i\000a}{}% 5
\BOOKMARK [1][-]{section.5}{\376\377\000M\000o\000d\000e\000l\000\040\000d\000o\000m\000e\000n\000o\000w\000y}{}% 6
\BOOKMARK [2][-]{subsection.5.1}{\376\377\000W\000y\000b\000r\000a\000n\000e\000\040\000r\000e\000g\000u\001\102\000y\000\040\000d\000o\000m\000e\000n\000o\000w\000e}{section.5}% 7
\BOOKMARK [1][-]{section.6}{\376\377\000S\000c\000h\000e\000m\000a\000t\000\040\000b\000a\000z\000y\000\040\000d\000a\000n\000y\000c\000h}{}% 8
\BOOKMARK [2][-]{subsection.6.1}{\376\377\000C\000a\000l\000i\000s\000i\000a\000W\000r\000i\000t\000e\000D\000b}{section.6}% 9
\BOOKMARK [2][-]{subsection.6.2}{\376\377\000C\000a\000l\000i\000s\000i\000a\000R\000e\000a\000d\000D\000b}{section.6}% 10
\BOOKMARK [1][-]{section.7}{\376\377\000A\000P\000I\000\040\000R\000E\000S\000T}{}% 11
\BOOKMARK [1][-]{section.8}{\376\377\000F\000r\000o\000n\000t\000e\000n\000d}{}% 12
\BOOKMARK [2][-]{subsection.8.1}{\376\377\000E\000k\000r\000a\000n\000y\000\040\000a\000p\000l\000i\000k\000a\000c\000j\000i}{section.8}% 13
\BOOKMARK [1][-]{section.9}{\376\377\000P\000r\000z\000e\000p\001\102\000y\000w\000y\000\040\000p\000r\000o\000c\000e\000s\000\363\000w}{}% 14
\BOOKMARK [2][-]{subsection.9.1}{\376\377\000R\000e\000j\000e\000s\000t\000r\000a\000c\000j\000a\000\040\000i\000\040\000l\000o\000g\000o\000w\000a\000n\000i\000e}{section.9}% 15
\BOOKMARK [2][-]{subsection.9.2}{\376\377\000P\000r\000z\000e\000l\000e\000w\000\040\000i\000\040\000d\000a\000s\000h\000b\000o\000a\000r\000d}{section.9}% 16
\BOOKMARK [2][-]{subsection.9.3}{\376\377\000K\000r\000e\000d\000y\000t\000\040\000i\000\040\000o\000p\000e\000r\000a\000c\000j\000e\000\040\000k\000a\000r\000t\000o\000w\000e}{section.9}% 17
\BOOKMARK [1][-]{section.10}{\376\377\000M\000e\000c\000h\000a\000n\000i\000z\000m\000\040\000C\000Q\000R\000S\000\040\000i\000\040\000O\000u\000t\000b\000o\000x}{}% 18
\BOOKMARK [1][-]{section.11}{\376\377\000B\000e\000z\000p\000i\000e\000c\000z\000e\001\104\000s\000t\000w\000o}{}% 19
\BOOKMARK [1][-]{section.12}{\376\377\000T\000e\000s\000t\000y\000\040\000i\000\040\000n\000a\000r\000z\001\031\000d\000z\000i\000a}{}% 20
\BOOKMARK [1][-]{section.13}{\376\377\000W\000n\000i\000o\000s\000k\000i}{}% 21
